// Jest Snapshot v1, https://goo.gl/fbAQLP

exports[`Renders correctly the AddMeasurement page Matches AddMeasurement snapshot 1`] = `null`;
