// Jest Snapshot v1, https://goo.gl/fbAQLP

exports[`Renders correctly the AddRoutine page Matches AddRoutine snapshot 1`] = `null`;
