// Jest Snapshot v1, https://goo.gl/fbAQLP

exports[`Renders correctly the AddTask page Matches AddTask snapshot 1`] = `null`;
