// Jest Snapshot v1, https://goo.gl/fbAQLP

exports[`Renders correctly the Admin page Matches Admin snapshot 1`] = `null`;
