// Jest Snapshot v1, https://goo.gl/fbAQLP

exports[`Renders correctly the Home page Matches Home snapshot 1`] = `null`;
