// Jest Snapshot v1, https://goo.gl/fbAQLP

exports[`Renders correctly the RoutineDetail page Matches RoutineDetailPage snapshot 1`] = `null`;
