// Jest Snapshot v1, https://goo.gl/fbAQLP

exports[`Renders correctly Task Detail page Matches TaskDetailPage snapshot 1`] = `null`;
